============================= test session starts =============================
platform win32 -- Python 3.12.7, pytest-9.0.2, pluggy-1.6.0 -- C:\Users\Ragha\.pyenv\pyenv-win\versions\3.12.7\python.exe
cachedir: .pytest_cache
rootdir: C:\Users\Ragha\Downloads
plugins: anyio-4.12.1
collecting ... collected 0 items / 1 error

=================================== ERRORS ====================================
__ ERROR collecting concurrency-safe-slot-booking-system/tests/test_slot.py ___
tests\test_slot.py:3: in <module>
    from repositories.slot_repository import SlotRepository
repositories\slot_repository.py:4: in <module>
    class SlotRepository:
repositories\slot_repository.py:14: in SlotRepository
    def get_by_id(self, slot_id: int) -> slot | None:
                                         ^^^^
E   NameError: name 'slot' is not defined
=========================== short test summary info ===========================
ERROR tests\test_slot.py - NameError: name 'slot' is not defined
!!!!!!!!!!!!!!!!!!! Interrupted: 1 error during collection !!!!!!!!!!!!!!!!!!!!
============================== 1 error in 0.53s ===============================
